// Jest Snapshot v1, https://goo.gl/fbAQLP

exports[`<PlayerPanel /> Snapshot test should render successfully and match snapshot 1`] = `
<styled.div>
  <styled.div>
    buttons
  </styled.div>
  <styled.div>
    <TrackListItemIcon />
    <styled.div>
      <styled.p>
        name
      </styled.p>
      <styled.p>
        author
      </styled.p>
    </styled.div>
  </styled.div>
  <styled.div>
    like buttons
  </styled.div>
  <styled.div>
    mute control
  </styled.div>
</styled.div>
`;
